// Jest Snapshot v1, https://goo.gl/fbAQLP

exports[`renders join panel unchanged 1`] = `
<div>
  <div
    class="bg-inherit p-4 m-4 flex flex-col"
  >
    <input
      class="bg-slate-700 text-white m-1 py-2 px-10 rounded-xl"
      placeholder="Username"
    />
    <input
      class="bg-slate-700 text-white m-1 py-2 px-10 rounded-xl"
      placeholder="Code"
    />
    <button
      class="bg-slate-900 text-white m-1 py-2 px-10 rounded-xl"
    >
      Join
    </button>
  </div>
</div>
`;
